// Jest Snapshot v1, https://goo.gl/fbAQLP

exports[`test Render as spected 1`] = `"<div><div class=\\"calculator\\"><div class=\\"display\\"><strong>0</strong></div><div class=\\"button-grid\\"><button type=\\"button\\" class=\\"button-calc \\">AC</button><button type=\\"button\\" class=\\"button-calc \\">+/-</button><button type=\\"button\\" class=\\"button-calc \\">%</button><button type=\\"button\\" class=\\"button-calc orange\\">รท</button></div><div class=\\"button-grid\\"><button type=\\"button\\" class=\\"button-calc \\">7</button><button type=\\"button\\" class=\\"button-calc \\">8</button><button type=\\"button\\" class=\\"button-calc \\">9</button><button type=\\"button\\" class=\\"button-calc orange\\">x</button></div><div class=\\"button-grid\\"><button type=\\"button\\" class=\\"button-calc \\">4</button><button type=\\"button\\" class=\\"button-calc \\">5</button><button type=\\"button\\" class=\\"button-calc \\">6</button><button type=\\"button\\" class=\\"button-calc orange\\">-</button></div><div class=\\"button-grid\\"><button type=\\"button\\" class=\\"button-calc \\">1</button><button type=\\"button\\" class=\\"button-calc \\">2</button><button type=\\"button\\" class=\\"button-calc \\">3</button><button type=\\"button\\" class=\\"button-calc orange\\">+</button></div><div class=\\"button-grid zero\\"><button type=\\"button\\" class=\\"button-calc \\">0</button><button type=\\"button\\" class=\\"button-calc \\">.</button><button type=\\"button\\" class=\\"button-calc orange\\">=</button></div></div></div>"`;
